Testing
around the world
around the world
around the world
around the world
around the world
around the world
around the world
around the world
around the world
around the world
around the world
around the world
around the world
around the world
around the world
around the world
around the world
around the world
around the world
around the world
around the world
around the world
around the world
around the world
around the world
around the world
around the world
around the world
around the world
around the world
around the world
around the world
oopsies
around the world
around the world
around the world
around the world
around the world
around the world
around the world
around the world
around the world
around the world
around the world
around the world
around the world
around the world
around the world
around the world
around the world
around the world
loop
Testing
